warning: unused manifest key: dependencies.ort.feautres
    Checking pentafluoride v0.1.0 (/home/r/projects/pentafluoride)
error: expected type, found `=`
  --> src/bot.rs:36:29
   |
36 |             let mut moves:  = EnumMap::default();
   |                          -  ^ expected type
   |                          |
   |                          while parsing the type for the binding

warning: unused import: `std::process::Child`
 --> src/bot.rs:1:5
  |
1 | use std::process::Child;
  |     ^^^^^^^^^^^^^^^^^^^
  |
  = note: `#[warn(unused_imports)]` (part of `#[warn(unused)]`) on by default

warning: unnecessary parentheses around pattern
  --> src/bot.rs:57:25
   |
57 |                     let (reward) = calculate_reward(&info);
   |                         ^      ^
   |
   = note: `#[warn(unused_parens)]` (part of `#[warn(unused)]`) on by default
help: remove these parentheses
   |
57 -                     let (reward) = calculate_reward(&info);
57 +                     let reward  = calculate_reward(&info);
   |

warning: unused import: `std::vec`
 --> src/data.rs:1:5
  |
1 | use std::vec;
  |     ^^^^^^^^

warning: variable does not need to be mutable
  --> src/interface.rs:98:49
   |
98 |                 if let Some((board, combo, b2b, mut queue)) = waiting_on_piece.take() {
   |                                                 ----^^^^^
   |                                                 |
   |                                                 help: remove this `mut`
   |
   = note: `#[warn(unused_mut)]` (part of `#[warn(unused)]`) on by default

error[E0277]: the trait bound `std::option::Option<data::Piece>: EnumArray<Vec<_>>` is not satisfied
   --> src/bot.rs:40:31
    |
 40 |             let mut children: EnumMap<_, Vec<_>> = EnumMap::default();
    |                               ^^^^^^^^^^^^^^^^^^ the trait `EnumArray<Vec<_>>` is not implemented for `std::option::Option<data::Piece>`
    |
    = help: the following other types implement trait `EnumArray<V>`:
              `()` implements `EnumArray<T>`
              `Infallible` implements `EnumArray<T>`
              `bool` implements `EnumArray<T>`
              `data::Piece` implements `EnumArray<V>`
              `std::cmp::Ordering` implements `EnumArray<T>`
              `u8` implements `EnumArray<T>`
note: required by a bound in `EnumMap`
   --> /home/r/.cargo/registry/src/index.crates.io-1949cf8c6b5b557f/enum-map-2.7.3/src/lib.rs:242:23
    |
242 | pub struct EnumMap<K: EnumArray<V>, V> {
    |                       ^^^^^^^^^^^^ required by this bound in `EnumMap`

error[E0277]: the trait bound `std::option::Option<data::Piece>: EnumArray<Vec<_>>` is not satisfied
  --> src/bot.rs:40:52
   |
40 |             let mut children: EnumMap<_, Vec<_>> = EnumMap::default();
   |                                                    ^^^^^^^ the trait `EnumArray<Vec<_>>` is not implemented for `std::option::Option<data::Piece>`
   |
   = help: the following other types implement trait `EnumArray<V>`:
             `()` implements `EnumArray<T>`
             `Infallible` implements `EnumArray<T>`
             `bool` implements `EnumArray<T>`
             `data::Piece` implements `EnumArray<V>`
             `std::cmp::Ordering` implements `EnumArray<T>`
             `u8` implements `EnumArray<T>`
   = note: required for `EnumMap<std::option::Option<data::Piece>, Vec<_>>` to implement `Default`

error[E0277]: `EnumMap<std::option::Option<data::Piece>, Vec<ChildData>>` is not an iterator
   --> src/bot.rs:70:30
    |
 70 |             selection.expand(children);
    |                       ------ ^^^^^^^^ `EnumMap<std::option::Option<data::Piece>, Vec<ChildData>>` is not an iterator
    |                       |
    |                       required by a bound introduced by this call
    |
    = help: the trait `IntoIterator` is not implemented for `EnumMap<std::option::Option<data::Piece>, Vec<ChildData>>`
    = help: the following other types implement trait `IntoIterator`:
              &EnumMap<K, V>
              &mut EnumMap<K, V>
              EnumMap<K, V>
note: required by a bound in `Selection::<'_>::expand`
   --> src/dag.rs:183:40
    |
183 |     pub fn expand(self, children: impl IntoIterator<Item = ChildData>) {
    |                                        ^^^^^^^^^^^^^^^^^^^^^^^^^^^^^^ required by this bound in `Selection::<'_>::expand`

error[E0277]: the trait bound `std::option::Option<data::Piece>: EnumArray<Vec<ChildData>>` is not satisfied in `EnumMap<std::option::Option<data::Piece>, Vec<ChildData>>`
   --> src/bot.rs:70:30
    |
 70 |             selection.expand(children);
    |                       ------ ^^^^^^^^ unsatisfied trait bound
    |                       |
    |                       required by a bound introduced by this call
    |
    = help: within `EnumMap<std::option::Option<data::Piece>, Vec<ChildData>>`, the trait `EnumArray<Vec<ChildData>>` is not implemented for `std::option::Option<data::Piece>`
    = help: the following other types implement trait `EnumArray<V>`:
              `()` implements `EnumArray<T>`
              `Infallible` implements `EnumArray<T>`
              `bool` implements `EnumArray<T>`
              `data::Piece` implements `EnumArray<V>`
              `std::cmp::Ordering` implements `EnumArray<T>`
              `u8` implements `EnumArray<T>`
note: required because it appears within the type `EnumMap<std::option::Option<data::Piece>, Vec<ChildData>>`
   --> /home/r/.cargo/registry/src/index.crates.io-1949cf8c6b5b557f/enum-map-2.7.3/src/lib.rs:242:12
    |
242 | pub struct EnumMap<K: EnumArray<V>, V> {
    |            ^^^^^^^
note: required by an implicit `Sized` bound in `Selection::<'_>::expand`
   --> src/dag.rs:183:35
    |
183 |     pub fn expand(self, children: impl IntoIterator<Item = ChildData>) {
    |                                   ^^^^^^^^^^^^^^^^^^^^^^^^^^^^^^^^^^^ required by the implicit `Sized` requirement on this type parameter in `Selection::<'_>::expand`

error[E0277]: the trait bound `std::option::Option<data::Piece>: EnumArray<Vec<ChildData>>` is not satisfied in `EnumMap<std::option::Option<data::Piece>, Vec<ChildData>>`
   --> src/bot.rs:40:52
    |
 40 |             let mut children: EnumMap<_, Vec<_>> = EnumMap::default();
    |                                                    ^^^^^^^^^^^^^^^^^^ unsatisfied trait bound
    |
    = help: within `EnumMap<std::option::Option<data::Piece>, Vec<ChildData>>`, the trait `EnumArray<Vec<ChildData>>` is not implemented for `std::option::Option<data::Piece>`
    = help: the following other types implement trait `EnumArray<V>`:
              `()` implements `EnumArray<T>`
              `Infallible` implements `EnumArray<T>`
              `bool` implements `EnumArray<T>`
              `data::Piece` implements `EnumArray<V>`
              `std::cmp::Ordering` implements `EnumArray<T>`
              `u8` implements `EnumArray<T>`
note: required because it appears within the type `EnumMap<std::option::Option<data::Piece>, Vec<ChildData>>`
   --> /home/r/.cargo/registry/src/index.crates.io-1949cf8c6b5b557f/enum-map-2.7.3/src/lib.rs:242:12
    |
242 | pub struct EnumMap<K: EnumArray<V>, V> {
    |            ^^^^^^^
    = note: the return type of a function must have a statically known size

warning: unused variable: `queue`
  --> src/interface.rs:98:49
   |
98 |                 if let Some((board, combo, b2b, mut queue)) = waiting_on_piece.take() {
   |                                                 ^^^^^^^^^ help: if this is intentional, prefix it with an underscore: `_queue`
   |
   = note: `#[warn(unused_variables)]` (part of `#[warn(unused)]`) on by default

For more information about this error, try `rustc --explain E0277`.
warning: `pentafluoride` (lib) generated 5 warnings
error: could not compile `pentafluoride` (lib) due to 6 previous errors; 5 warnings emitted
